yarn run v1.22.22
$ C:\Users\EMMA\Desktop\Company\studyforge\node_modules\.bin\tsc --noEmit
.next/dev/types/validator.ts(413,8): error TS1005: ';' expected.
.next/dev/types/validator.ts(413,10): error TS1002: Unterminated string literal.
.next/dev/types/validator.ts(417,1): error TS1128: Declaration or statement expected.
info Visit https://yarnpkg.com/en/docs/cli/run for documentation about this command.
